00:00 +0: loading /Volumes/DevSSD/developments/OBD Scanner/test/widget_test.dart                                                                                                                       00:01 +0: loading /Volumes/DevSSD/developments/OBD Scanner/test/widget_test.dart                                                                                                                       00:01 +0: App starts and shows Health Screen                                                                                                                                                           00:01 +0: App starts and shows Health Screen                                                                                                                                                           
══╡ EXCEPTION CAUGHT BY FLUTTER TEST FRAMEWORK ╞════════════════════════════════════════════════════
The following assertion was thrown running a test:
Tried to modify a provider while the widget tree was building.
If you are encountering this error, chances are you tried to modify a provider
in a widget life-cycle, such as but not limited to:
- build
- initState
- dispose
- didUpdateWidget
- didChangeDependencies

Modifying a provider inside those life-cycles is not allowed, as it could
lead to an inconsistent UI state. For example, two widgets could listen to the
same provider, but incorrectly receive different states.


To fix this problem, you have one of two solutions:
- (preferred) Move the logic for modifying your provider outside of a widget
  life-cycle. For example, maybe you could update your provider inside a button's
  onPressed instead.

- Delay your modification, such as by encapsulating the modification
  in a `Future(() {...})`.
  This will perform your update after the widget tree is done building.

When the exception was thrown, this was the stack:
#0      _UncontrolledProviderScopeElement._debugCanModifyProviders (package:flutter_riverpod/src/framework.dart:349:7)
#1      ProviderElementBase._notifyListeners.<anonymous closure> (package:riverpod/src/framework/element.dart:488:34)
#2      ProviderElementBase._notifyListeners (package:riverpod/src/framework/element.dart:490:8)
#3      ProviderElementBase.setState (package:riverpod/src/framework/element.dart:140:7)
#4      StateNotifier.state= (package:state_notifier/state_notifier.dart:227:31)
#5      SettingsNotifier.setFullscreenCockpit (package:autocare/features/settings/presentation/settings_provider.dart:256:5)
#6      _ShellScreenState._handleOrientation (package:autocare/features/shell/shell_screen.dart:43:43)
#7      _ShellScreenState.initState (package:autocare/features/shell/shell_screen.dart:24:5)
#8      StatefulElement._firstBuild (package:flutter/src/widgets/framework.dart:5852:55)
#9      ComponentElement.mount (package:flutter/src/widgets/framework.dart:5699:5)
...     Normal element mounting (234 frames)
#243    Element.inflateWidget (package:flutter/src/widgets/framework.dart:4548:16)
#244    MultiChildRenderObjectElement.inflateWidget (package:flutter/src/widgets/framework.dart:7169:36)
#245    MultiChildRenderObjectElement.mount (package:flutter/src/widgets/framework.dart:7185:32)
...     Normal element mounting (497 frames)
#742    _UncontrolledProviderScopeElement.mount (package:flutter_riverpod/src/framework.dart:315:11)
...     Normal element mounting (9 frames)
#751    Element.inflateWidget (package:flutter/src/widgets/framework.dart:4548:16)
#752    Element.updateChild (package:flutter/src/widgets/framework.dart:3998:20)
#753    ComponentElement.performRebuild (package:flutter/src/widgets/framework.dart:5747:16)
#754    Element.rebuild (package:flutter/src/widgets/framework.dart:5435:7)
#755    ProxyElement.update (package:flutter/src/widgets/framework.dart:6051:5)
#756    _InheritedNotifierElement.update (package:flutter/src/widgets/inherited_notifier.dart:108:11)
#757    Element.updateChild (package:flutter/src/widgets/framework.dart:3982:15)
#758    ComponentElement.performRebuild (package:flutter/src/widgets/framework.dart:5747:16)
#759    StatefulElement.performRebuild (package:flutter/src/widgets/framework.dart:5884:11)
#760    Element.rebuild (package:flutter/src/widgets/framework.dart:5435:7)
#761    StatefulElement.update (package:flutter/src/widgets/framework.dart:5909:5)
#762    Element.updateChild (package:flutter/src/widgets/framework.dart:3982:15)
#763    ComponentElement.performRebuild (package:flutter/src/widgets/framework.dart:5747:16)
#764    Element.rebuild (package:flutter/src/widgets/framework.dart:5435:7)
#765    ProxyElement.update (package:flutter/src/widgets/framework.dart:6051:5)
#766    _InheritedNotifierElement.update (package:flutter/src/widgets/inherited_notifier.dart:108:11)
#767    Element.updateChild (package:flutter/src/widgets/framework.dart:3982:15)
#768    ComponentElement.performRebuild (package:flutter/src/widgets/framework.dart:5747:16)
#769    StatefulElement.performRebuild (package:flutter/src/widgets/framework.dart:5884:11)
#770    Element.rebuild (package:flutter/src/widgets/framework.dart:5435:7)
#771    StatefulElement.update (package:flutter/src/widgets/framework.dart:5909:5)
#772    Element.updateChild (package:flutter/src/widgets/framework.dart:3982:15)
#773    ComponentElement.performRebuild (package:flutter/src/widgets/framework.dart:5747:16)
#774    StatefulElement.performRebuild (package:flutter/src/widgets/framework.dart:5884:11)
#775    Element.rebuild (package:flutter/src/widgets/framework.dart:5435:7)
#776    StatefulElement.update (package:flutter/src/widgets/framework.dart:5909:5)
#777    Element.updateChild (package:flutter/src/widgets/framework.dart:3982:15)
#778    ComponentElement.performRebuild (package:flutter/src/widgets/framework.dart:5747:16)
#779    Element.rebuild (package:flutter/src/widgets/framework.dart:5435:7)
#780    ProxyElement.update (package:flutter/src/widgets/framework.dart:6051:5)
#781    Element.updateChild (package:flutter/src/widgets/framework.dart:3982:15)
#782    ComponentElement.performRebuild (package:flutter/src/widgets/framework.dart:5747:16)
#783    StatefulElement.performRebuild (package:flutter/src/widgets/framework.dart:5884:11)
#784    Element.rebuild (package:flutter/src/widgets/framework.dart:5435:7)
#785    StatefulElement.update (package:flutter/src/widgets/framework.dart:5909:5)
#786    Element.updateChild (package:flutter/src/widgets/framework.dart:3982:15)
#787    ComponentElement.performRebuild (package:flutter/src/widgets/framework.dart:5747:16)
#788    Element.rebuild (package:flutter/src/widgets/framework.dart:5435:7)
#789    ProxyElement.update (package:flutter/src/widgets/framework.dart:6051:5)
#790    Element.updateChild (package:flutter/src/widgets/framework.dart:3982:15)
#791    ComponentElement.performRebuild (package:flutter/src/widgets/framework.dart:5747:16)
#792    Element.rebuild (package:flutter/src/widgets/framework.dart:5435:7)
#793    ProxyElement.update (package:flutter/src/widgets/framework.dart:6051:5)
#794    Element.updateChild (package:flutter/src/widgets/framework.dart:3982:15)
#795    _RawViewElement._updateChild (package:flutter/src/widgets/view.dart:481:16)
#796    _RawViewElement.update (package:flutter/src/widgets/view.dart:568:5)
#797    Element.updateChild (package:flutter/src/widgets/framework.dart:3982:15)
#798    ComponentElement.performRebuild (package:flutter/src/widgets/framework.dart:5747:16)
#799    Element.rebuild (package:flutter/src/widgets/framework.dart:5435:7)
#800    StatelessElement.update (package:flutter/src/widgets/framework.dart:5797:5)
#801    Element.updateChild (package:flutter/src/widgets/framework.dart:3982:15)
#802    ComponentElement.performRebuild (package:flutter/src/widgets/framework.dart:5747:16)
#803    StatefulElement.performRebuild (package:flutter/src/widgets/framework.dart:5884:11)
#804    Element.rebuild (package:flutter/src/widgets/framework.dart:5435:7)
#805    StatefulElement.update (package:flutter/src/widgets/framework.dart:5909:5)
#806    Element.updateChild (package:flutter/src/widgets/framework.dart:3982:15)
#807    RootElement._rebuild (package:flutter/src/widgets/binding.dart:1716:16)
#808    RootElement.update (package:flutter/src/widgets/binding.dart:1694:5)
#809    RootElement.performRebuild (package:flutter/src/widgets/binding.dart:1708:7)
#810    Element.rebuild (package:flutter/src/widgets/framework.dart:5435:7)
#811    BuildScope._tryRebuild (package:flutter/src/widgets/framework.dart:2695:15)
#812    BuildScope._flushDirtyElements (package:flutter/src/widgets/framework.dart:2752:11)
#813    BuildOwner.buildScope (package:flutter/src/widgets/framework.dart:3056:18)
#814    AutomatedTestWidgetsFlutterBinding.drawFrame (package:flutter_test/src/binding.dart:1506:19)
#815    RendererBinding._handlePersistentFrameCallback (package:flutter/src/rendering/binding.dart:495:5)
#816    SchedulerBinding._invokeFrameCallback (package:flutter/src/scheduler/binding.dart:1434:15)
#817    SchedulerBinding.handleDrawFrame (package:flutter/src/scheduler/binding.dart:1347:9)
#818    AutomatedTestWidgetsFlutterBinding.pump.<anonymous closure> (package:flutter_test/src/binding.dart:1335:9)
#821    TestAsyncUtils.guard (package:flutter_test/src/test_async_utils.dart:74:41)
#822    AutomatedTestWidgetsFlutterBinding.pump (package:flutter_test/src/binding.dart:1324:27)
#823    WidgetTester.pumpWidget.<anonymous closure> (package:flutter_test/src/widget_tester.dart:598:22)
#826    TestAsyncUtils.guard (package:flutter_test/src/test_async_utils.dart:74:41)
#827    WidgetTester.pumpWidget (package:flutter_test/src/widget_tester.dart:595:27)
#828    main.<anonymous closure> (file:///Volumes/DevSSD/developments/OBD%20Scanner/test/widget_test.dart:7:18)
#829    testWidgets.<anonymous closure>.<anonymous closure> (package:flutter_test/src/widget_tester.dart:192:29)
<asynchronous suspension>
#830    TestWidgetsFlutterBinding._runTestBody (package:flutter_test/src/binding.dart:1059:5)
<asynchronous suspension>
<asynchronous suspension>
(elided 5 frames from dart:async and package:stack_trace)

The test description was:
  App starts and shows Health Screen
════════════════════════════════════════════════════════════════════════════════════════════════════
00:01 +0 -1: App starts and shows Health Screen [E]                                                                                                                                                    
  Test failed. See exception logs above.
  The test description was: App starts and shows Health Screen
  
Auto-connect failed: Instance of 'CircularDependencyError'
══╡ EXCEPTION CAUGHT BY FLUTTER TEST FRAMEWORK ╞════════════════════════════════════════════════════
The following StateNotifierListenerError was thrown running a test (but after the test had
completed):
At least listener of the StateNotifier Instance of 'SettingsNotifier' threw an exception
when the notifier tried to update its state.

The exceptions thrown are:

Tried to modify a provider while the widget tree was building.
If you are encountering this error, chances are you tried to modify a provider
in a widget life-cycle, such as but not limited to:
- build
- initState
- dispose
- didUpdateWidget
- didChangeDependencies

Modifying a provider inside those life-cycles is not allowed, as it could
lead to an inconsistent UI state. For example, two widgets could listen to the
same provider, but incorrectly receive different states.


To fix this problem, you have one of two solutions:
- (preferred) Move the logic for modifying your provider outside of a widget
  life-cycle. For example, maybe you could update your provider inside a button's
  onPressed instead.

- Delay your modification, such as by encapsulating the modification
  in a `Future(() {...})`.
  This will perform your update after the widget tree is done building.
#0      _UncontrolledProviderScopeElement._debugCanModifyProviders
(package:flutter_riverpod/src/framework.dart:349:7)
#1      ProviderElementBase._notifyListeners.<anonymous closure>
(package:riverpod/src/framework/element.dart:488:34)
#2      ProviderElementBase._notifyListeners (package:riverpod/src/framework/element.dart:490:8)
#3      ProviderElementBase.setState (package:riverpod/src/framework/element.dart:140:7)
#4      StateNotifier.state= (package:state_notifier/state_notifier.dart:227:31)
#5      SettingsNotifier.setFullscreenCockpit
(package:autocare/features/settings/presentation/settings_provider.dart:256:5)
#6      _ShellScreenState._handleOrientation
(package:autocare/features/shell/shell_screen.dart:43:43)
#7      _ShellScreenState.initState (package:autocare/features/shell/shell_screen.dart:24:5)
#8      StatefulElement._firstBuild (package:flutter/src/widgets/framework.dart:5852:55)
#9      ComponentElement.mount (package:flutter/src/widgets/framework.dart:5699:5)
#10     Element.inflateWidget (package:flutter/src/widgets/framework.dart:4548:16)
#11     Element.updateChild (package:flutter/src/widgets/framework.dart:4004:18)
#12     ComponentElement.performRebuild (package:flutter/src/widgets/framework.dart:5747:16)
#13     Element.rebuild (package:flutter/src/widgets/framework.dart:5435:7)
#14     ComponentElement._firstBuild (package:flutter/src/widgets/framework.dart:5705:5)
#15     ComponentElement.mount (package:flutter/src/widgets/framework.dart:5699:5)
#16     Element.inflateWidget (package:flutter/src/widgets/framework.dart:4548:16)
#17     Element.updateChild (package:flutter/src/widgets/framework.dart:4004:18)
#18     SingleChildRenderObjectElement.mount (package:flutter/src/widgets/framework.dart:7018:14)
#19     Element.inflateWidget (package:flutter/src/widgets/framework.dart:4548:16)
#20     Element.updateChild (package:flutter/src/widgets/framework.dart:4004:18)
#21     ComponentElement.performRebuild (package:flutter/src/widgets/framework.dart:5747:16)
#22     Element.rebuild (package:flutter/src/widgets/framework.dart:5435:7)
#23     ComponentElement._firstBuild (package:flutter/src/widgets/framework.dart:5705:5)
#24     ComponentElement.mount (package:flutter/src/widgets/framework.dart:5699:5)
#25     Element.inflateWidget (package:flutter/src/widgets/framework.dart:4548:16)
#26     Element.updateChild (package:flutter/src/widgets/framework.dart:4004:18)
#27     SingleChildRenderObjectElement.mount (package:flutter/src/widgets/framework.dart:7018:14)
#28     Element.inflateWidget (package:flutter/src/widgets/framework.dart:4548:16)
#29     Element.updateChild (package:flutter/src/widgets/framework.dart:4004:18)
#30     SingleChildRenderObjectElement.mount (package:flutter/src/widgets/framework.dart:7018:14)
#31     Element.inflateWidget (package:flutter/src/widgets/framework.dart:4548:16)
#32     Element.updateChild (package:flutter/src/widgets/framework.dart:4004:18)
#33     ComponentElement.performRebuild (package:flutter/src/widgets/framework.dart:5747:16)
#34     StatefulElement.performRebuild (package:flutter/src/widgets/framework.dart:5884:11)
#35     Element.rebuild (package:flutter/src/widgets/framework.dart:5435:7)
#36     ComponentElement._firstBuild (package:flutter/src/widgets/framework.dart:5705:5)
#37     StatefulElement._firstBuild (package:flutter/src/widgets/framework.dart:5875:11)
#38     ComponentElement.mount (package:flutter/src/widgets/framework.dart:5699:5)
#39     Element.inflateWidget (package:flutter/src/widgets/framework.dart:4548:16)
#40     Element.updateChild (package:flutter/src/widgets/framework.dart:4004:18)
#41     SingleChildRenderObjectElement.mount (package:flutter/src/widgets/framework.dart:7018:14)
#42     Element.inflateWidget (package:flutter/src/widgets/framework.dart:4548:16)
#43     Element.updateChild (package:flutter/src/widgets/framework.dart:4004:18)
#44     ComponentElement.performRebuild (package:flutter/src/widgets/framework.dart:5747:16)
#45     StatefulElement.performRebuild (package:flutter/src/widgets/framework.dart:5884:11)
#46     Element.rebuild (package:flutter/src/widgets/framework.dart:5435:7)
#47     ComponentElement._firstBuild (package:flutter/src/widgets/framework.dart:5705:5)
#48     StatefulElement._firstBuild (package:flutter/src/widgets/framework.dart:5875:11)
#49     ComponentElement.mount (package:flutter/src/widgets/framework.dart:5699:5)
#50     Element.inflateWidget (package:flutter/src/widgets/framework.dart:4548:16)
#51     Element.updateChild (package:flutter/src/widgets/framework.dart:4004:18)
#52     SingleChildRenderObjectElement.mount (package:flutter/src/widgets/framework.dart:7018:14)
#53     Element.inflateWidget (package:flutter/src/widgets/framework.dart:4548:16)
#54     Element.updateChild (package:flutter/src/widgets/framework.dart:4004:18)
#55     ComponentElement.performRebuild (package:flutter/src/widgets/framework.dart:5747:16)
#56     StatefulElement.performRebuild (package:flutter/src/widgets/framework.dart:5884:11)
#57     Element.rebuild (package:flutter/src/widgets/framework.dart:5435:7)
#58     ComponentElement._firstBuild (package:flutter/src/widgets/framework.dart:5705:5)
#59     StatefulElement._firstBuild (package:flutter/src/widgets/framework.dart:5875:11)
#60     ComponentElement.mount (package:flutter/src/widgets/framework.dart:5699:5)
#61     Element.inflateWidget (package:flutter/src/widgets/framework.dart:4548:16)
#62     Element.updateChild (package:flutter/src/widgets/framework.dart:4004:18)
#63     ComponentElement.performRebuild (package:flutter/src/widgets/framework.dart:5747:16)
#64     StatefulElement.performRebuild (package:flutter/src/widgets/framework.dart:5884:11)
#65     Element.rebuild (package:flutter/src/widgets/framework.dart:5435:7)
#66     ComponentElement._firstBuild (package:flutter/src/widgets/framework.dart:5705:5)
#67     StatefulElement._firstBuild (package:flutter/src/widgets/framework.dart:5875:11)
#68     ComponentElement.mount (package:flutter/src/widgets/framework.dart:5699:5)
#69     Element.inflateWidget (package:flutter/src/widgets/framework.dart:4548:16)
#70     Element.updateChild (package:flutter/src/widgets/framework.dart:4004:18)
#71     SingleChildRenderObjectElement.mount (package:flutter/src/widgets/framework.dart:7018:14)
#72     Element.inflateWidget (package:flutter/src/widgets/framework.dart:4548:16)
#73     Element.updateChild (package:flutter/src/widgets/framework.dart:4004:18)
#74     ComponentElement.performRebuild (package:flutter/src/widgets/framework.dart:5747:16)
#75     StatefulElement.performRebuild (package:flutter/src/widgets/framework.dart:5884:11)
#76     Element.rebuild (package:flutter/src/widgets/framework.dart:5435:7)
#77     ComponentElement._firstBuild (package:flutter/src/widgets/framework.dart:5705:5)
#78     StatefulElement._firstBuild (package:flutter/src/widgets/framework.dart:5875:11)
#79     ComponentElement.mount (package:flutter/src/widgets/framework.dart:5699:5)
#80     Element.inflateWidget (package:flutter/src/widgets/framework.dart:4548:16)
#81     Element.updateChild (package:flutter/src/widgets/framework.dart:4004:18)
#82     SingleChildRenderObjectElement.mount (package:flutter/src/widgets/framework.dart:7018:14)
#83     Element.inflateWidget (package:flutter/src/widgets/framework.dart:4548:16)
#84     Element.updateChild (package:flutter/src/widgets/framework.dart:4004:18)
#85     ComponentElement.performRebuild (package:flutter/src/widgets/framework.dart:5747:16)
#86     StatefulElement.performRebuild (package:flutter/src/widgets/framework.dart:5884:11)
#87     Element.rebuild (package:flutter/src/widgets/framework.dart:5435:7)
#88     ComponentElement._firstBuild (package:flutter/src/widgets/framework.dart:5705:5)
#89     StatefulElement._firstBuild (package:flutter/src/widgets/framework.dart:5875:11)
#90     ComponentElement.mount (package:flutter/src/widgets/framework.dart:5699:5)
#91     Element.inflateWidget (package:flutter/src/widgets/framework.dart:4548:16)
#92     Element.updateChild (package:flutter/src/widgets/framework.dart:4004:18)
#93     ComponentElement.performRebuild (package:flutter/src/widgets/framework.dart:5747:16)
#94     StatefulElement.performRebuild (package:flutter/src/widgets/framework.dart:5884:11)
#95     Element.rebuild (package:flutter/src/widgets/framework.dart:5435:7)
#96     ComponentElement._firstBuild (package:flutter/src/widgets/framework.dart:5705:5)
#97     StatefulElement._firstBuild (package:flutter/src/widgets/framework.dart:5875:11)
#98     ComponentElement.mount (package:flutter/src/widgets/framework.dart:5699:5)
#99     Element.inflateWidget (package:flutter/src/widgets/framework.dart:4548:16)
#100    Element.updateChild (package:flutter/src/widgets/framework.dart:4004:18)
#101    ComponentElement.performRebuild (package:flutter/src/widgets/framework.dart:5747:16)
#102    Element.rebuild (package:flutter/src/widgets/framework.dart:5435:7)
#103    ComponentElement._firstBuild (package:flutter/src/widgets/framework.dart:5705:5)
#104    ComponentElement.mount (package:flutter/src/widgets/framework.dart:5699:5)
#105    Element.inflateWidget (package:flutter/src/widgets/framework.dart:4548:16)
#106    Element.updateChild (package:flutter/src/widgets/framework.dart:4004:18)
#107    ComponentElement.performRebuild (package:flutter/src/widgets/framework.dart:5747:16)
#108    StatefulElement.performRebuild (package:flutter/src/widgets/framework.dart:5884:11)
#109    Element.rebuild (package:flutter/src/widgets/framework.dart:5435:7)
#110    ComponentElement._firstBuild (package:flutter/src/widgets/framework.dart:5705:5)
#111    StatefulElement._firstBuild (package:flutter/src/widgets/framework.dart:5875:11)
#112    ComponentElement.mount (package:flutter/src/widgets/framework.dart:5699:5)
#113    Element.inflateWidget (package:flutter/src/widgets/framework.dart:4548:16)
#114    Element.updateChild (package:flutter/src/widgets/framework.dart:4004:18)
#115    ComponentElement.performRebuild (package:flutter/src/widgets/framework.dart:5747:16)
#116    StatefulElement.performRebuild (package:flutter/src/widgets/framework.dart:5884:11)
#117    Element.rebuild (package:flutter/src/widgets/framework.dart:5435:7)
#118    ComponentElement._firstBuild (package:flutter/src/widgets/framework.dart:5705:5)
#119    StatefulElement._firstBuild (package:flutter/src/widgets/framework.dart:5875:11)
#120    ComponentElement.mount (package:flutter/src/widgets/framework.dart:5699:5)
#121    Element.inflateWidget (package:flutter/src/widgets/framework.dart:4548:16)
#122    Element.updateChild (package:flutter/src/widgets/framework.dart:4004:18)
#123    SingleChildRenderObjectElement.mount (package:flutter/src/widgets/framework.dart:7018:14)
#124    Element.inflateWidget (package:flutter/src/widgets/framework.dart:4548:16)
#125    Element.updateChild (package:flutter/src/widgets/framework.dart:4004:18)
#126    ComponentElement.performRebuild (package:flutter/src/widgets/framework.dart:5747:16)
#127    Element.rebuild (package:flutter/src/widgets/framework.dart:5435:7)
#128    ComponentElement._firstBuild (package:flutter/src/widgets/framework.dart:5705:5)
#129    ComponentElement.mount (package:flutter/src/widgets/framework.dart:5699:5)
#130    Element.inflateWidget (package:flutter/src/widgets/framework.dart:4548:16)
#131    Element.updateChild (package:flutter/src/widgets/framework.dart:4004:18)
#132    SingleChildRenderObjectElement.mount (package:flutter/src/widgets/framework.dart:7018:14)
#133    Element.inflateWidget (package:flutter/src/widgets/framework.dart:4548:16)
#134    Element.updateChild (package:flutter/src/widgets/framework.dart:4004:18)
#135    ComponentElement.performRebuild (package:flutter/src/widgets/framework.dart:5747:16)
#136    StatefulElement.performRebuild (package:flutter/src/widgets/framework.dart:5884:11)
#137    Element.rebuild (package:flutter/src/widgets/framework.dart:5435:7)
#138    ComponentElement._firstBuild (package:flutter/src/widgets/framework.dart:5705:5)
#139    StatefulElement._firstBuild (package:flutter/src/widgets/framework.dart:5875:11)
#140    ComponentElement.mount (package:flutter/src/widgets/framework.dart:5699:5)
#141    Element.inflateWidget (package:flutter/src/widgets/framework.dart:4548:16)
#142    Element.updateChild (package:flutter/src/widgets/framework.dart:4004:18)
#143    ComponentElement.performRebuild (package:flutter/src/widgets/framework.dart:5747:16)
#144    Element.rebuild (package:flutter/src/widgets/framework.dart:5435:7)
#145    ComponentElement._firstBuild (package:flutter/src/widgets/framework.dart:5705:5)
#146    ComponentElement.mount (package:flutter/src/widgets/framework.dart:5699:5)
#147    Element.inflateWidget (package:flutter/src/widgets/framework.dart:4548:16)
#148    Element.updateChild (package:flutter/src/widgets/framework.dart:4004:18)
#149    ComponentElement.performRebuild (package:flutter/src/widgets/framework.dart:5747:16)
#150    Element.rebuild (package:flutter/src/widgets/framework.dart:5435:7)
#151    ComponentElement._firstBuild (package:flutter/src/widgets/framework.dart:5705:5)
#152    ComponentElement.mount (package:flutter/src/widgets/framework.dart:5699:5)
#153    Element.inflateWidget (package:flutter/src/widgets/framework.dart:4548:16)
#154    Element.updateChild (package:flutter/src/widgets/framework.dart:4004:18)
#155    ComponentElement.performRebuild (package:flutter/src/widgets/framework.dart:5747:16)
#156    StatefulElement.performRebuild (package:flutter/src/widgets/framework.dart:5884:11)
#157    Element.rebuild (package:flutter/src/widgets/framework.dart:5435:7)
#158    ComponentElement._firstBuild (package:flutter/src/widgets/framework.dart:5705:5)
#159    StatefulElement._firstBuild (package:flutter/src/widgets/framework.dart:5875:11)
#160    ComponentElement.mount (package:flutter/src/widgets/framework.dart:5699:5)
#161    Element.inflateWidget (package:flutter/src/widgets/framework.dart:4548:16)
#162    Element.updateChild (package:flutter/src/widgets/framework.dart:4004:18)
#163    ComponentElement.performRebuild (package:flutter/src/widgets/framework.dart:5747:16)
#164    Element.rebuild (package:flutter/src/widgets/framework.dart:5435:7)
#165    ComponentElement._firstBuild (package:flutter/src/widgets/framework.dart:5705:5)
#166    ComponentElement.mount (package:flutter/src/widgets/framework.dart:5699:5)
#167    Element.inflateWidget (package:flutter/src/widgets/framework.dart:4548:16)
#168    Element.updateChild (package:flutter/src/widgets/framework.dart:4004:18)
#169    ComponentElement.performRebuild (package:flutter/src/widgets/framework.dart:5747:16)
#170    Element.rebuild (package:flutter/src/widgets/framework.dart:5435:7)
#171    ComponentElement._firstBuild (package:flutter/src/widgets/framework.dart:5705:5)
#172    ComponentElement.mount (package:flutter/src/widgets/framework.dart:5699:5)
#173    Element.inflateWidget (package:flutter/src/widgets/framework.dart:4548:16)
#174    Element.updateChild (package:flutter/src/widgets/framework.dart:4004:18)
#175    SingleChildRenderObjectElement.mount (package:flutter/src/widgets/framework.dart:7018:14)
#176    Element.inflateWidget (package:flutter/src/widgets/framework.dart:4548:16)
#177    Element.updateChild (package:flutter/src/widgets/framework.dart:4004:18)
#178    ComponentElement.performRebuild (package:flutter/src/widgets/framework.dart:5747:16)
#179    Element.rebuild (package:flutter/src/widgets/framework.dart:5435:7)
#180    ComponentElement._firstBuild (package:flutter/src/widgets/framework.dart:5705:5)
#181    ComponentElement.mount (package:flutter/src/widgets/framework.dart:5699:5)
#182    Element.inflateWidget (package:flutter/src/widgets/framework.dart:4548:16)
#183    Element.updateChild (package:flutter/src/widgets/framework.dart:4004:18)
#184    ComponentElement.performRebuild (package:flutter/src/widgets/framework.dart:5747:16)
#185    Element.rebuild (package:flutter/src/widgets/framework.dart:5435:7)
#186    ComponentElement._firstBuild (package:flutter/src/widgets/framework.dart:5705:5)
#187    ComponentElement.mount (package:flutter/src/widgets/framework.dart:5699:5)
#188    Element.inflateWidget (package:flutter/src/widgets/framework.dart:4548:16)
#189    Element.updateChild (package:flutter/src/widgets/framework.dart:4004:18)
#190    ComponentElement.performRebuild (package:flutter/src/widgets/framework.dart:5747:16)
#191    StatefulElement.performRebuild (package:flutter/src/widgets/framework.dart:5884:11)
#192    Element.rebuild (package:flutter/src/widgets/framework.dart:5435:7)
#193    ComponentElement._firstBuild (package:flutter/src/widgets/framework.dart:5705:5)
#194    StatefulElement._firstBuild (package:flutter/src/widgets/framework.dart:5875:11)
#195    ComponentElement.mount (package:flutter/src/widgets/framework.dart:5699:5)
#196    Element.inflateWidget (package:flutter/src/widgets/framework.dart:4548:16)
#197    Element.updateChild (package:flutter/src/widgets/framework.dart:4004:18)
#198    ComponentElement.performRebuild (package:flutter/src/widgets/framework.dart:5747:16)
#199    StatefulElement.performRebuild (package:flutter/src/widgets/framework.dart:5884:11)
#200    Element.rebuild (package:flutter/src/widgets/framework.dart:5435:7)
#201    ComponentElement._firstBuild (package:flutter/src/widgets/framework.dart:5705:5)
#202    StatefulElement._firstBuild (package:flutter/src/widgets/framework.dart:5875:11)
#203    ComponentElement.mount (package:flutter/src/widgets/framework.dart:5699:5)
#204    Element.inflateWidget (package:flutter/src/widgets/framework.dart:4548:16)
#205    Element.updateChild (package:flutter/src/widgets/framework.dart:4004:18)
#206    ComponentElement.performRebuild (package:flutter/src/widgets/framework.dart:5747:16)
#207    StatefulElement.performRebuild (package:flutter/src/widgets/framework.dart:5884:11)
#208    Element.rebuild (package:flutter/src/widgets/framework.dart:5435:7)
#209    ComponentElement._firstBuild (package:flutter/src/widgets/framework.dart:5705:5)
#210    StatefulElement._firstBuild (package:flutter/src/widgets/framework.dart:5875:11)
#211    ComponentElement.mount (package:flutter/src/widgets/framework.dart:5699:5)
#212    Element.inflateWidget (package:flutter/src/widgets/framework.dart:4548:16)
#213    Element.updateChild (package:flutter/src/widgets/framework.dart:4004:18)
#214    SingleChildRenderObjectElement.mount (package:flutter/src/widgets/framework.dart:7018:14)
#215    Element.inflateWidget (package:flutter/src/widgets/framework.dart:4548:16)
#216    Element.updateChild (package:flutter/src/widgets/framework.dart:4004:18)
#217    ComponentElement.performRebuild (package:flutter/src/widgets/framework.dart:5747:16)
#218    Element.rebuild (package:flutter/src/widgets/framework.dart:5435:7)
#219    ComponentElement._firstBuild (package:flutter/src/widgets/framework.dart:5705:5)
#220    ComponentElement.mount (package:flutter/src/widgets/framework.dart:5699:5)
#221    Element.inflateWidget (package:flutter/src/widgets/framework.dart:4548:16)
#222    Element.updateChild (package:flutter/src/widgets/framework.dart:4004:18)
#223    ComponentElement.performRebuild (package:flutter/src/widgets/framework.dart:5747:16)
#224    Element.rebuild (package:flutter/src/widgets/framework.dart:5435:7)
#225    ComponentElement._firstBuild (package:flutter/src/widgets/framework.dart:5705:5)
#226    ComponentElement.mount (package:flutter/src/widgets/framework.dart:5699:5)
#227    Element.inflateWidget (package:flutter/src/widgets/framework.dart:4548:16)
#228    Element.updateChild (package:flutter/src/widgets/framework.dart:4004:18)
#229    ComponentElement.performRebuild (package:flutter/src/widgets/framework.dart:5747:16)
#230    StatefulElement.performRebuild (package:flutter/src/widgets/framework.dart:5884:11)
#231    Element.rebuild (package:flutter/src/widgets/framework.dart:5435:7)
#232    ComponentElement._firstBuild (package:flutter/src/widgets/framework.dart:5705:5)
#233    StatefulElement._firstBuild (package:flutter/src/widgets/framework.dart:5875:11)
#234    ComponentElement.mount (package:flutter/src/widgets/framework.dart:5699:5)
#235    Element.inflateWidget (package:flutter/src/widgets/framework.dart:4548:16)
#236    Element.updateChild (package:flutter/src/widgets/framework.dart:4004:18)
#237    ComponentElement.performRebuild (package:flutter/src/widgets/framework.dart:5747:16)
#238    StatefulElement.performRebuild (package:flutter/src/widgets/framework.dart:5884:11)
#239    Element.rebuild (package:flutter/src/widgets/framework.dart:5435:7)
#240    ComponentElement._firstBuild (package:flutter/src/widgets/framework.dart:5705:5)
#241    StatefulElement._firstBuild (package:flutter/src/widgets/framework.dart:5875:11)
#242    ComponentElement.mount (package:flutter/src/widgets/framework.dart:5699:5)
#243    Element.inflateWidget (package:flutter/src/widgets/framework.dart:4548:16)
#244    MultiChildRenderObjectElement.inflateWidget
(package:flutter/src/widgets/framework.dart:7169:36)
#245    MultiChildRenderObjectElement.mount (package:flutter/src/widgets/framework.dart:7185:32)
#246    Element.inflateWidget (package:flutter/src/widgets/framework.dart:4548:16)
#247    Element.updateChild (package:flutter/src/widgets/framework.dart:4004:18)
#248    ComponentElement.performRebuild (package:flutter/src/widgets/framework.dart:5747:16)
#249    StatefulElement.performRebuild (package:flutter/src/widgets/framework.dart:5884:11)
#250    Element.rebuild (package:flutter/src/widgets/framework.dart:5435:7)
#251    ComponentElement._firstBuild (package:flutter/src/widgets/framework.dart:5705:5)
#252    StatefulElement._firstBuild (package:flutter/src/widgets/framework.dart:5875:11)
#253    ComponentElement.mount (package:flutter/src/widgets/framework.dart:5699:5)
#254    Element.inflateWidget (package:flutter/src/widgets/framework.dart:4548:16)
#255    Element.updateChild (package:flutter/src/widgets/framework.dart:4004:18)
#256    ComponentElement.performRebuild (package:flutter/src/widgets/framework.dart:5747:16)
#257    Element.rebuild (package:flutter/src/widgets/framework.dart:5435:7)
#258    ComponentElement._firstBuild (package:flutter/src/widgets/framework.dart:5705:5)
#259    ComponentElement.mount (package:flutter/src/widgets/framework.dart:5699:5)
#260    Element.inflateWidget (package:flutter/src/widgets/framework.dart:4548:16)
#261    Element.updateChild (package:flutter/src/widgets/framework.dart:4004:18)
#262    ComponentElement.performRebuild (package:flutter/src/widgets/framework.dart:5747:16)
#263    Element.rebuild (package:flutter/src/widgets/framework.dart:5435:7)
#264    ComponentElement._firstBuild (package:flutter/src/widgets/framework.dart:5705:5)
#265    ComponentElement.mount (package:flutter/src/widgets/framework.dart:5699:5)
#266    Element.inflateWidget (package:flutter/src/widgets/framework.dart:4548:16)
#267    Element.updateChild (package:flutter/src/widgets/framework.dart:4004:18)
#268    ComponentElement.performRebuild (package:flutter/src/widgets/framework.dart:5747:16)
#269    StatefulElement.performRebuild (package:flutter/src/widgets/framework.dart:5884:11)
#270    Element.rebuild (package:flutter/src/widgets/framework.dart:5435:7)
#271    ComponentElement._firstBuild (package:flutter/src/widgets/framework.dart:5705:5)
#272    StatefulElement._firstBuild (package:flutter/src/widgets/framework.dart:5875:11)
#273    ComponentElement.mount (package:flutter/src/widgets/framework.dart:5699:5)
#274    Element.inflateWidget (package:flutter/src/widgets/framework.dart:4548:16)
#275    Element.updateChild (package:flutter/src/widgets/framework.dart:4004:18)
#276    ComponentElement.performRebuild (package:flutter/src/widgets/framework.dart:5747:16)
#277    Element.rebuild (package:flutter/src/widgets/framework.dart:5435:7)
#278    ComponentElement._firstBuild (package:flutter/src/widgets/framework.dart:5705:5)
#279    ComponentElement.mount (package:flutter/src/widgets/framework.dart:5699:5)
#280    Element.inflateWidget (package:flutter/src/widgets/framework.dart:4548:16)
#281    Element.updateChild (package:flutter/src/widgets/framework.dart:4004:18)
#282    ComponentElement.performRebuild (package:flutter/src/widgets/framework.dart:5747:16)
#283    StatefulElement.performRebuild (package:flutter/src/widgets/framework.dart:5884:11)
#284    Element.rebuild (package:flutter/src/widgets/framework.dart:5435:7)
#285    ComponentElement._firstBuild (package:flutter/src/widgets/framework.dart:5705:5)
#286    StatefulElement._firstBuild (package:flutter/src/widgets/framework.dart:5875:11)
#287    ComponentElement.mount (package:flutter/src/widgets/framework.dart:5699:5)
#288    Element.inflateWidget (package:flutter/src/widgets/framework.dart:4548:16)
#289    Element.updateChild (package:flutter/src/widgets/framework.dart:4004:18)
#290    ComponentElement.performRebuild (package:flutter/src/widgets/framework.dart:5747:16)
#291    StatefulElement.performRebuild (package:flutter/src/widgets/framework.dart:5884:11)
#292    Element.rebuild (package:flutter/src/widgets/framework.dart:5435:7)
#293    ComponentElement._firstBuild (package:flutter/src/widgets/framework.dart:5705:5)
#294    StatefulElement._firstBuild (package:flutter/src/widgets/framework.dart:5875:11)
#295    ComponentElement.mount (package:flutter/src/widgets/framework.dart:5699:5)
#296    Element.inflateWidget (package:flutter/src/widgets/framework.dart:4548:16)
#297    Element.updateChild (package:flutter/src/widgets/framework.dart:4004:18)
#298    SingleChildRenderObjectElement.mount (package:flutter/src/widgets/framework.dart:7018:14)
#299    Element.inflateWidget (package:flutter/src/widgets/framework.dart:4548:16)
#300    Element.updateChild (package:flutter/src/widgets/framework.dart:4004:18)
#301    SingleChildRenderObjectElement.mount (package:flutter/src/widgets/framework.dart:7018:14)
#302    Element.inflateWidget (package:flutter/src/widgets/framework.dart:4548:16)
#303    Element.updateChild (package:flutter/src/widgets/framework.dart:4004:18)
#304    ComponentElement.performRebuild (package:flutter/src/widgets/framework.dart:5747:16)
#305    Element.rebuild (package:flutter/src/widgets/framework.dart:5435:7)
#306    ComponentElement._firstBuild (package:flutter/src/widgets/framework.dart:5705:5)
#307    ComponentElement.mount (package:flutter/src/widgets/framework.dart:5699:5)
#308    Element.inflateWidget (package:flutter/src/widgets/framework.dart:4548:16)
#309    Element.updateChild (package:flutter/src/widgets/framework.dart:4004:18)
#310    ComponentElement.performRebuild (package:flutter/src/widgets/framework.dart:5747:16)
#311    Element.rebuild (package:flutter/src/widgets/framework.dart:5435:7)
#312    ComponentElement._firstBuild (package:flutter/src/widgets/framework.dart:5705:5)
#313    ComponentElement.mount (package:flutter/src/widgets/framework.dart:5699:5)
#314    Element.inflateWidget (package:flutter/src/widgets/framework.dart:4548:16)
#315    Element.updateChild (package:flutter/src/widgets/framework.dart:4004:18)
#316    ComponentElement.performRebuild (package:flutter/src/widgets/framework.dart:5747:16)
#317    StatefulElement.performRebuild (package:flutter/src/widgets/framework.dart:5884:11)
#318    Element.rebuild (package:flutter/src/widgets/framework.dart:5435:7)
#319    ComponentElement._firstBuild (package:flutter/src/widgets/framework.dart:5705:5)
#320    StatefulElement._firstBuild (package:flutter/src/widgets/framework.dart:5875:11)
#321    ComponentElement.mount (package:flutter/src/widgets/framework.dart:5699:5)
#322    Element.inflateWidget (package:flutter/src/widgets/framework.dart:4548:16)
#323    Element.updateChild (package:flutter/src/widgets/framework.dart:4004:18)
#324    ComponentElement.performRebuild (package:flutter/src/widgets/framework.dart:5747:16)
#325    Element.rebuild (package:flutter/src/widgets/framework.dart:5435:7)
#326    ComponentElement._firstBuild (package:flutter/src/widgets/framework.dart:5705:5)
#327    ComponentElement.mount (package:flutter/src/widgets/framework.dart:5699:5)
#328    Element.inflateWidget (package:flutter/src/widgets/framework.dart:4548:16)
#329    Element.updateChild (package:flutter/src/widgets/framework.dart:4004:18)
#330    ComponentElement.performRebuild (package:flutter/src/widgets/framework.dart:5747:16)
#331    Element.rebuild (package:flutter/src/widgets/framework.dart:5435:7)
#332    ComponentElement._firstBuild (package:flutter/src/widgets/framework.dart:5705:5)
#333    ComponentElement.mount (package:flutter/src/widgets/framework.dart:5699:5)
#334    Element.inflateWidget (package:flutter/src/widgets/framework.dart:4548:16)
#335    Element.updateChild (package:flutter/src/widgets/framework.dart:4004:18)
#336    ComponentElement.performRebuild (package:flutter/src/widgets/framework.dart:5747:16)
#337    StatefulElement.performRebuild (package:flutter/src/widgets/framework.dart:5884:11)
#338    Element.rebuild (package:flutter/src/widgets/framework.dart:5435:7)
#339    ComponentElement._firstBuild (package:flutter/src/widgets/framework.dart:5705:5)
#340    StatefulElement._firstBuild (package:flutter/src/widgets/framework.dart:5875:11)
#341    ComponentElement.mount (package:flutter/src/widgets/framework.dart:5699:5)
#342    Element.inflateWidget (package:flutter/src/widgets/framework.dart:4548:16)
#343    Element.updateChild (package:flutter/src/widgets/framework.dart:4004:18)
#344    ComponentElement.performRebuild (package:flutter/src/widgets/framework.dart:5747:16)
#345    Element.rebuild (package:flutter/src/widgets/framework.dart:5435:7)
#346    ComponentElement._firstBuild (package:flutter/src/widgets/framework.dart:5705:5)
#347    ComponentElement.mount (package:flutter/src/widgets/framework.dart:5699:5)
#348    Element.inflateWidget (package:flutter/src/widgets/framework.dart:4548:16)
#349    Element.updateChild (package:flutter/src/widgets/framework.dart:4004:18)
#350    ComponentElement.performRebuild (package:flutter/src/widgets/framework.dart:5747:16)
#351    Element.rebuild (package:flutter/src/widgets/framework.dart:5435:7)
#352    ComponentElement._firstBuild (package:flutter/src/widgets/framework.dart:5705:5)
#353    ComponentElement.mount (package:flutter/src/widgets/framework.dart:5699:5)
#354    Element.inflateWidget (package:flutter/src/widgets/framework.dart:4548:16)
#355    Element.updateChild (package:flutter/src/widgets/framework.dart:4004:18)
#356    ComponentElement.performRebuild (package:flutter/src/widgets/framework.dart:5747:16)
#357    Element.rebuild (package:flutter/src/widgets/framework.dart:5435:7)
#358    ComponentElement._firstBuild (package:flutter/src/widgets/framework.dart:5705:5)
#359    ComponentElement.mount (package:flutter/src/widgets/framework.dart:5699:5)
#360    Element.inflateWidget (package:flutter/src/widgets/framework.dart:4548:16)
#361    Element.updateChild (package:flutter/src/widgets/framework.dart:4004:18)
#362    ComponentElement.performRebuild (package:flutter/src/widgets/framework.dart:5747:16)
#363    Element.rebuild (package:flutter/src/widgets/framework.dart:5435:7)
#364    ComponentElement._firstBuild (package:flutter/src/widgets/framework.dart:5705:5)
#365    ComponentElement.mount (package:flutter/src/widgets/framework.dart:5699:5)
#366    Element.inflateWidget (package:flutter/src/widgets/framework.dart:4548:16)
#367    Element.updateChild (package:flutter/src/widgets/framework.dart:4004:18)
#368    ComponentElement.performRebuild (package:flutter/src/widgets/framework.dart:5747:16)
#369    StatefulElement.performRebuild (package:flutter/src/widgets/framework.dart:5884:11)
#370    Element.rebuild (package:flutter/src/widgets/framework.dart:5435:7)
#371    ComponentElement._firstBuild (package:flutter/src/widgets/framework.dart:5705:5)
#372    StatefulElement._firstBuild (package:flutter/src/widgets/framework.dart:5875:11)
#373    ComponentElement.mount (package:flutter/src/widgets/framework.dart:5699:5)
#374    Element.inflateWidget (package:flutter/src/widgets/framework.dart:4548:16)
#375    Element.updateChild (package:flutter/src/widgets/framework.dart:4004:18)
#376    ComponentElement.performRebuild (package:flutter/src/widgets/framework.dart:5747:16)
#377    Element.rebuild (package:flutter/src/widgets/framework.dart:5435:7)
#378    ComponentElement._firstBuild (package:flutter/src/widgets/framework.dart:5705:5)
#379    ComponentElement.mount (package:flutter/src/widgets/framework.dart:5699:5)
#380    Element.inflateWidget (package:flutter/src/widgets/framework.dart:4548:16)
#381    Element.updateChild (package:flutter/src/widgets/framework.dart:4004:18)
#382    ComponentElement.performRebuild (package:flutter/src/widgets/framework.dart:5747:16)
#383    Element.rebuild (package:flutter/src/widgets/framework.dart:5435:7)
#384    ComponentElement._firstBuild (package:flutter/src/widgets/framework.dart:5705:5)
#385    ComponentElement.mount (package:flutter/src/widgets/framework.dart:5699:5)
#386    Element.inflateWidget (package:flutter/src/widgets/framework.dart:4548:16)
#387    Element.updateChild (package:flutter/src/widgets/framework.dart:4004:18)
#388    ComponentElement.performRebuild (package:flutter/src/widgets/framework.dart:5747:16)
#389    StatefulElement.performRebuild (package:flutter/src/widgets/framework.dart:5884:11)
#390    Element.rebuild (package:flutter/src/widgets/framework.dart:5435:7)
#391    ComponentElement._firstBuild (package:flutter/src/widgets/framework.dart:5705:5)
#392    StatefulElement._firstBuild (package:flutter/src/widgets/framework.dart:5875:11)
#393    ComponentElement.mount (package:flutter/src/widgets/framework.dart:5699:5)
#394    Element.inflateWidget (package:flutter/src/widgets/framework.dart:4548:16)
#395    Element.updateChild (package:flutter/src/widgets/framework.dart:4004:18)
#396    ComponentElement.performRebuild (package:flutter/src/widgets/framework.dart:5747:16)
#397    Element.rebuild (package:flutter/src/widgets/framework.dart:5435:7)
#398    ComponentElement._firstBuild (package:flutter/src/widgets/framework.dart:5705:5)
#399    ComponentElement.mount (package:flutter/src/widgets/framework.dart:5699:5)
#400    Element.inflateWidget (package:flutter/src/widgets/framework.dart:4548:16)
#401    Element.updateChild (package:flutter/src/widgets/framework.dart:4004:18)
#402    ComponentElement.performRebuild (package:flutter/src/widgets/framework.dart:5747:16)
#403    Element.rebuild (package:flutter/src/widgets/framework.dart:5435:7)
#404    ComponentElement._firstBuild (package:flutter/src/widgets/framework.dart:5705:5)
#405    ComponentElement.mount (package:flutter/src/widgets/framework.dart:5699:5)
#406    Element.inflateWidget (package:flutter/src/widgets/framework.dart:4548:16)
#407    Element.updateChild (package:flutter/src/widgets/framework.dart:4004:18)
#408    ComponentElement.performRebuild (package:flutter/src/widgets/framework.dart:5747:16)
#409    Element.rebuild (package:flutter/src/widgets/framework.dart:5435:7)
#410    ComponentElement._firstBuild (package:flutter/src/widgets/framework.dart:5705:5)
#411    ComponentElement.mount (package:flutter/src/widgets/framework.dart:5699:5)
#412    Element.inflateWidget (package:flutter/src/widgets/framework.dart:4548:16)
#413    Element.updateChild (package:flutter/src/widgets/framework.dart:4004:18)
#414    ComponentElement.performRebuild (package:flutter/src/widgets/framework.dart:5747:16)
#415    Element.rebuild (package:flutter/src/widgets/framework.dart:5435:7)
#416    ComponentElement._firstBuild (package:flutter/src/widgets/framework.dart:5705:5)
#417    ComponentElement.mount (package:flutter/src/widgets/framework.dart:5699:5)
#418    Element.inflateWidget (package:flutter/src/widgets/framework.dart:4548:16)
#419    Element.updateChild (package:flutter/src/widgets/framework.dart:4004:18)
#420    ComponentElement.performRebuild (package:flutter/src/widgets/framework.dart:5747:16)
#421    Element.rebuild (package:flutter/src/widgets/framework.dart:5435:7)
#422    ComponentElement._firstBuild (package:flutter/src/widgets/framework.dart:5705:5)
#423    ComponentElement.mount (package:flutter/src/widgets/framework.dart:5699:5)
#424    Element.inflateWidget (package:flutter/src/widgets/framework.dart:4548:16)
#425    Element.updateChild (package:flutter/src/widgets/framework.dart:4004:18)
#426    ComponentElement.performRebuild (package:flutter/src/widgets/framework.dart:5747:16)
#427    Element.rebuild (package:flutter/src/widgets/framework.dart:5435:7)
#428    ComponentElement._firstBuild (package:flutter/src/widgets/framework.dart:5705:5)
#429    ComponentElement.mount (package:flutter/src/widgets/framework.dart:5699:5)
#430    Element.inflateWidget (package:flutter/src/widgets/framework.dart:4548:16)
#431    Element.updateChild (package:flutter/src/widgets/framework.dart:4004:18)
#432    ComponentElement.performRebuild (package:flutter/src/widgets/framework.dart:5747:16)
#433    Element.rebuild (package:flutter/src/widgets/framework.dart:5435:7)
#434    ComponentElement._firstBuild (package:flutter/src/widgets/framework.dart:5705:5)
#435    ComponentElement.mount (package:flutter/src/widgets/framework.dart:5699:5)
#436    Element.inflateWidget (package:flutter/src/widgets/framework.dart:4548:16)
#437    Element.updateChild (package:flutter/src/widgets/framework.dart:4004:18)
#438    ComponentElement.performRebuild (package:flutter/src/widgets/framework.dart:5747:16)
#439    StatefulElement.performRebuild (package:flutter/src/widgets/framework.dart:5884:11)
#440    Element.rebuild (package:flutter/src/widgets/framework.dart:5435:7)
#441    ComponentElement._firstBuild (package:flutter/src/widgets/framework.dart:5705:5)
#442    StatefulElement._firstBuild (package:flutter/src/widgets/framework.dart:5875:11)
#443    ComponentElement.mount (package:flutter/src/widgets/framework.dart:5699:5)
#444    Element.inflateWidget (package:flutter/src/widgets/framework.dart:4548:16)
#445    Element.updateChild (package:flutter/src/widgets/framework.dart:4004:18)
#446    ComponentElement.performRebuild (package:flutter/src/widgets/framework.dart:5747:16)
#447    Element.rebuild (package:flutter/src/widgets/framework.dart:5435:7)
#448    ComponentElement._firstBuild (package:flutter/src/widgets/framework.dart:5705:5)
#449    ComponentElement.mount (package:flutter/src/widgets/framework.dart:5699:5)
#450    Element.inflateWidget (package:flutter/src/widgets/framework.dart:4548:16)
#451    Element.updateChild (package:flutter/src/widgets/framework.dart:4004:18)
#452    ComponentElement.performRebuild (package:flutter/src/widgets/framework.dart:5747:16)
#453    Element.rebuild (package:flutter/src/widgets/framework.dart:5435:7)
#454    ComponentElement._firstBuild (package:flutter/src/widgets/framework.dart:5705:5)
#455    ComponentElement.mount (package:flutter/src/widgets/framework.dart:5699:5)
#456    Element.inflateWidget (package:flutter/src/widgets/framework.dart:4548:16)
#457    Element.updateChild (package:flutter/src/widgets/framework.dart:4004:18)
#458    ComponentElement.performRebuild (package:flutter/src/widgets/framework.dart:5747:16)
#459    StatefulElement.performRebuild (package:flutter/src/widgets/framework.dart:5884:11)
#460    Element.rebuild (package:flutter/src/widgets/framework.dart:5435:7)
#461    ComponentElement._firstBuild (package:flutter/src/widgets/framework.dart:5705:5)
#462    StatefulElement._firstBuild (package:flutter/src/widgets/framework.dart:5875:11)
#463    ComponentElement.mount (package:flutter/src/widgets/framework.dart:5699:5)
#464    Element.inflateWidget (package:flutter/src/widgets/framework.dart:4548:16)
#465    Element.updateChild (package:flutter/src/widgets/framework.dart:4004:18)
#466    ComponentElement.performRebuild (package:flutter/src/widgets/framework.dart:5747:16)
#467    Element.rebuild (package:flutter/src/widgets/framework.dart:5435:7)
#468    ComponentElement._firstBuild (package:flutter/src/widgets/framework.dart:5705:5)
#469    ComponentElement.mount (package:flutter/src/widgets/framework.dart:5699:5)
#470    Element.inflateWidget (package:flutter/src/widgets/framework.dart:4548:16)
#471    Element.updateChild (package:flutter/src/widgets/framework.dart:4004:18)
#472    ComponentElement.performRebuild (package:flutter/src/widgets/framework.dart:5747:16)
#473    Element.rebuild (package:flutter/src/widgets/framework.dart:5435:7)
#474    ComponentElement._firstBuild (package:flutter/src/widgets/framework.dart:5705:5)
#475    ComponentElement.mount (package:flutter/src/widgets/framework.dart:5699:5)
#476    Element.inflateWidget (package:flutter/src/widgets/framework.dart:4548:16)
#477    Element.updateChild (package:flutter/src/widgets/framework.dart:4004:18)
#478    ComponentElement.performRebuild (package:flutter/src/widgets/framework.dart:5747:16)
#479    Element.rebuild (package:flutter/src/widgets/framework.dart:5435:7)
#480    ComponentElement._firstBuild (package:flutter/src/widgets/framework.dart:5705:5)
#481    ComponentElement.mount (package:flutter/src/widgets/framework.dart:5699:5)
#482    Element.inflateWidget (package:flutter/src/widgets/framework.dart:4548:16)
#483    Element.updateChild (package:flutter/src/widgets/framework.dart:4004:18)
#484    SingleChildRenderObjectElement.mount (package:flutter/src/widgets/framework.dart:7018:14)
#485    Element.inflateWidget (package:flutter/src/widgets/framework.dart:4548:16)
#486    Element.updateChild (package:flutter/src/widgets/framework.dart:4004:18)
#487    ComponentElement.performRebuild (package:flutter/src/widgets/framework.dart:5747:16)
#488    StatefulElement.performRebuild (package:flutter/src/widgets/framework.dart:5884:11)
#489    Element.rebuild (package:flutter/src/widgets/framework.dart:5435:7)
#490    ComponentElement._firstBuild (package:flutter/src/widgets/framework.dart:5705:5)
#491    StatefulElement._firstBuild (package:flutter/src/widgets/framework.dart:5875:11)
#492    ComponentElement.mount (package:flutter/src/widgets/framework.dart:5699:5)
#493    Element.inflateWidget (package:flutter/src/widgets/framework.dart:4548:16)
#494    Element.updateChild (package:flutter/src/widgets/framework.dart:4004:18)
#495    ComponentElement.performRebuild (package:flutter/src/widgets/framework.dart:5747:16)
#496    StatefulElement.performRebuild (package:flutter/src/widgets/framework.dart:5884:11)
#497    Element.rebuild (package:flutter/src/widgets/framework.dart:5435:7)
#498    ComponentElement._firstBuild (package:flutter/src/widgets/framework.dart:5705:5)
#499    StatefulElement._firstBuild (package:flutter/src/widgets/framework.dart:5875:11)
#500    ComponentElement.mount (package:flutter/src/widgets/framework.dart:5699:5)
#501    Element.inflateWidget (package:flutter/src/widgets/framework.dart:4548:16)
#502    Element.updateChild (package:flutter/src/widgets/framework.dart:4004:18)
#503    SingleChildRenderObjectElement.mount (package:flutter/src/widgets/framework.dart:7018:14)
#504    Element.inflateWidget (package:flutter/src/widgets/framework.dart:4548:16)
#505    Element.updateChild (package:flutter/src/widgets/framework.dart:4004:18)
#506    ComponentElement.performRebuild (package:flutter/src/widgets/framework.dart:5747:16)
#507    Element.rebuild (package:flutter/src/widgets/framework.dart:5435:7)
#508    ComponentElement._firstBuild (package:flutter/src/widgets/framework.dart:5705:5)
#509    ComponentElement.mount (package:flutter/src/widgets/framework.dart:5699:5)
#510    Element.inflateWidget (package:flutter/src/widgets/framework.dart:4548:16)
#511    Element.updateChild (package:flutter/src/widgets/framework.dart:4004:18)
#512    ComponentElement.performRebuild (package:flutter/src/widgets/framework.dart:5747:16)
#513    StatefulElement.performRebuild (package:flutter/src/widgets/framework.dart:5884:11)
#514    Element.rebuild (package:flutter/src/widgets/framework.dart:5435:7)
#515    ComponentElement._firstBuild (package:flutter/src/widgets/framework.dart:5705:5)
#516    StatefulElement._firstBuild (package:flutter/src/widgets/framework.dart:5875:11)
#517    ComponentElement.mount (package:flutter/src/widgets/framework.dart:5699:5)
#518    Element.inflateWidget (package:flutter/src/widgets/framework.dart:4548:16)
#519    Element.updateChild (package:flutter/src/widgets/framework.dart:4004:18)
#520    ComponentElement.performRebuild (package:flutter/src/widgets/framework.dart:5747:16)
#521    StatefulElement.performRebuild (package:flutter/src/widgets/framework.dart:5884:11)
#522    Element.rebuild (package:flutter/src/widgets/framework.dart:5435:7)
#523    ComponentElement._firstBuild (package:flutter/src/widgets/framework.dart:5705:5)
#524    StatefulElement._firstBuild (package:flutter/src/widgets/framework.dart:5875:11)
#525    ComponentElement.mount (package:flutter/src/widgets/framework.dart:5699:5)
#526    Element.inflateWidget (package:flutter/src/widgets/framework.dart:4548:16)
#527    Element.updateChild (package:flutter/src/widgets/framework.dart:4004:18)
#528    ComponentElement.performRebuild (package:flutter/src/widgets/framework.dart:5747:16)
#529    Element.rebuild (package:flutter/src/widgets/framework.dart:5435:7)
#530    ComponentElement._firstBuild (package:flutter/src/widgets/framework.dart:5705:5)
#531    ComponentElement.mount (package:flutter/src/widgets/framework.dart:5699:5)
#532    Element.inflateWidget (package:flutter/src/widgets/framework.dart:4548:16)
#533    Element.updateChild (package:flutter/src/widgets/framework.dart:4004:18)
#534    ComponentElement.performRebuild (package:flutter/src/widgets/framework.dart:5747:16)
#535    StatefulElement.performRebuild (package:flutter/src/widgets/framework.dart:5884:11)
#536    Element.rebuild (package:flutter/src/widgets/framework.dart:5435:7)
#537    ComponentElement._firstBuild (package:flutter/src/widgets/framework.dart:5705:5)
#538    StatefulElement._firstBuild (package:flutter/src/widgets/framework.dart:5875:11)
#539    ComponentElement.mount (package:flutter/src/widgets/framework.dart:5699:5)
#540    Element.inflateWidget (package:flutter/src/widgets/framework.dart:4548:16)
#541    Element.updateChild (package:flutter/src/widgets/framework.dart:4004:18)
#542    SingleChildRenderObjectElement.mount (package:flutter/src/widgets/framework.dart:7018:14)
#543    Element.inflateWidget (package:flutter/src/widgets/framework.dart:4548:16)
#544    Element.updateChild (package:flutter/src/widgets/framework.dart:4004:18)
#545    ComponentElement.performRebuild (package:flutter/src/widgets/framework.dart:5747:16)
#546    Element.rebuild (package:flutter/src/widgets/framework.dart:5435:7)
#547    ComponentElement._firstBuild (package:flutter/src/widgets/framework.dart:5705:5)
#548    ComponentElement.mount (package:flutter/src/widgets/framework.dart:5699:5)
#549    Element.inflateWidget (package:flutter/src/widgets/framework.dart:4548:16)
#550    Element.updateChild (package:flutter/src/widgets/framework.dart:4004:18)
#551    ComponentElement.performRebuild (package:flutter/src/widgets/framework.dart:5747:16)
#552    StatefulElement.performRebuild (package:flutter/src/widgets/framework.dart:5884:11)
#553    Element.rebuild (package:flutter/src/widgets/framework.dart:5435:7)
#554    ComponentElement._firstBuild (package:flutter/src/widgets/framework.dart:5705:5)
#555    StatefulElement._firstBuild (package:flutter/src/widgets/framework.dart:5875:11)
#556    ComponentElement.mount (package:flutter/src/widgets/framework.dart:5699:5)
#557    Element.inflateWidget (package:flutter/src/widgets/framework.dart:4548:16)
#558    Element.updateChild (package:flutter/src/widgets/framework.dart:4004:18)
#559    ComponentElement.performRebuild (package:flutter/src/widgets/framework.dart:5747:16)
#560    StatefulElement.performRebuild (package:flutter/src/widgets/framework.dart:5884:11)
#561    Element.rebuild (package:flutter/src/widgets/framework.dart:5435:7)
#562    ComponentElement._firstBuild (package:flutter/src/widgets/framework.dart:5705:5)
#563    StatefulElement._firstBuild (package:flutter/src/widgets/framework.dart:5875:11)
#564    ComponentElement.mount (package:flutter/src/widgets/framework.dart:5699:5)
#565    Element.inflateWidget (package:flutter/src/widgets/framework.dart:4548:16)
#566    Element.updateChild (package:flutter/src/widgets/framework.dart:4004:18)
#567    ComponentElement.performRebuild (package:flutter/src/widgets/framework.dart:5747:16)
#568    Element.rebuild (package:flutter/src/widgets/framework.dart:5435:7)
#569    ComponentElement._firstBuild (package:flutter/src/widgets/framework.dart:5705:5)
#570    ComponentElement.mount (package:flutter/src/widgets/framework.dart:5699:5)
#571    Element.inflateWidget (package:flutter/src/widgets/framework.dart:4548:16)
#572    Element.updateChild (package:flutter/src/widgets/framework.dart:4004:18)
#573    ComponentElement.performRebuild (package:flutter/src/widgets/framework.dart:5747:16)
#574    StatefulElement.performRebuild (package:flutter/src/widgets/framework.dart:5884:11)
#575    Element.rebuild (package:flutter/src/widgets/framework.dart:5435:7)
#576    ComponentElement._firstBuild (package:flutter/src/widgets/framework.dart:5705:5)
#577    StatefulElement._firstBuild (package:flutter/src/widgets/framework.dart:5875:11)
#578    ComponentElement.mount (package:flutter/src/widgets/framework.dart:5699:5)
#579    Element.inflateWidget (package:flutter/src/widgets/framework.dart:4548:16)
#580    Element.updateChild (package:flutter/src/widgets/framework.dart:4004:18)
#581    SingleChildRenderObjectElement.mount (package:flutter/src/widgets/framework.dart:7018:14)
#582    Element.inflateWidget (package:flutter/src/widgets/framework.dart:4548:16)
#583    Element.updateChild (package:flutter/src/widgets/framework.dart:4004:18)
#584    ComponentElement.performRebuild (package:flutter/src/widgets/framework.dart:5747:16)
#585    Element.rebuild (package:flutter/src/widgets/framework.dart:5435:7)
#586    ComponentElement._firstBuild (package:flutter/src/widgets/framework.dart:5705:5)
#587    ComponentElement.mount (package:flutter/src/widgets/framework.dart:5699:5)
#588    Element.inflateWidget (package:flutter/src/widgets/framework.dart:4548:16)
#589    Element.updateChild (package:flutter/src/widgets/framework.dart:4004:18)
#590    ComponentElement.performRebuild (package:flutter/src/widgets/framework.dart:5747:16)
#591    StatefulElement.performRebuild (package:flutter/src/widgets/framework.dart:5884:11)
#592    Element.rebuild (package:flutter/src/widgets/framework.dart:5435:7)
#593    ComponentElement._firstBuild (package:flutter/src/widgets/framework.dart:5705:5)
#594    StatefulElement._firstBuild (package:flutter/src/widgets/framework.dart:5875:11)
#595    ComponentElement.mount (package:flutter/src/widgets/framework.dart:5699:5)
#596    Element.inflateWidget (package:flutter/src/widgets/framework.dart:4548:16)
#597    Element.updateChild (package:flutter/src/widgets/framework.dart:4004:18)
#598    ComponentElement.performRebuild (package:flutter/src/widgets/framework.dart:5747:16)
#599    StatefulElement.performRebuild (package:flutter/src/widgets/framework.dart:5884:11)
#600    Element.rebuild (package:flutter/src/widgets/framework.dart:5435:7)
#601    ComponentElement._firstBuild (package:flutter/src/widgets/framework.dart:5705:5)
#602    StatefulElement._firstBuild (package:flutter/src/widgets/framework.dart:5875:11)
#603    ComponentElement.mount (package:flutter/src/widgets/framework.dart:5699:5)
#604    Element.inflateWidget (package:flutter/src/widgets/framework.dart:4548:16)
#605    Element.updateChild (package:flutter/src/widgets/framework.dart:4004:18)
#606    ComponentElement.performRebuild (package:flutter/src/widgets/framework.dart:5747:16)
#607    Element.rebuild (package:flutter/src/widgets/framework.dart:5435:7)
#608    ComponentElement._firstBuild (package:flutter/src/widgets/framework.dart:5705:5)
#609    ComponentElement.mount (package:flutter/src/widgets/framework.dart:5699:5)
#610    Element.inflateWidget (package:flutter/src/widgets/framework.dart:4548:16)
#611    Element.updateChild (package:flutter/src/widgets/framework.dart:4004:18)
#612    SingleChildRenderObjectElement.mount (package:flutter/src/widgets/framework.dart:7018:14)
#613    Element.inflateWidget (package:flutter/src/widgets/framework.dart:4548:16)
#614    Element.updateChild (package:flutter/src/widgets/framework.dart:4004:18)
#615    ComponentElement.performRebuild (package:flutter/src/widgets/framework.dart:5747:16)
#616    Element.rebuild (package:flutter/src/widgets/framework.dart:5435:7)
#617    ComponentElement._firstBuild (package:flutter/src/widgets/framework.dart:5705:5)
#618    ComponentElement.mount (package:flutter/src/widgets/framework.dart:5699:5)
#619    Element.inflateWidget (package:flutter/src/widgets/framework.dart:4548:16)
#620    Element.updateChild (package:flutter/src/widgets/framework.dart:4004:18)
#621    ComponentElement.performRebuild (package:flutter/src/widgets/framework.dart:5747:16)
#622    StatefulElement.performRebuild (package:flutter/src/widgets/framework.dart:5884:11)
#623    Element.rebuild (package:flutter/src/widgets/framework.dart:5435:7)
#624    ComponentElement._firstBuild (package:flutter/src/widgets/framework.dart:5705:5)
#625    StatefulElement._firstBuild (package:flutter/src/widgets/framework.dart:5875:11)
#626    ComponentElement.mount (package:flutter/src/widgets/framework.dart:5699:5)
#627    Element.inflateWidget (package:flutter/src/widgets/framework.dart:4548:16)
#628    Element.updateChild (package:flutter/src/widgets/framework.dart:4004:18)
#629    ComponentElement.performRebuild (package:flutter/src/widgets/framework.dart:5747:16)
#630    StatefulElement.performRebuild (package:flutter/src/widgets/framework.dart:5884:11)
#631    Element.rebuild (package:flutter/src/widgets/framework.dart:5435:7)
#632    ComponentElement._firstBuild (package:flutter/src/widgets/framework.dart:5705:5)
#633    StatefulElement._firstBuild (package:flutter/src/widgets/framework.dart:5875:11)
#634    ComponentElement.mount (package:flutter/src/widgets/framework.dart:5699:5)
#635    Element.inflateWidget (package:flutter/src/widgets/framework.dart:4548:16)
#636    Element.updateChild (package:flutter/src/widgets/framework.dart:4004:18)
#637    ComponentElement.performRebuild (package:flutter/src/widgets/framework.dart:5747:16)
#638    Element.rebuild (package:flutter/src/widgets/framework.dart:5435:7)
#639    ComponentElement._firstBuild (package:flutter/src/widgets/framework.dart:5705:5)
#640    ComponentElement.mount (package:flutter/src/widgets/framework.dart:5699:5)
#641    Element.inflateWidget (package:flutter/src/widgets/framework.dart:4548:16)
#642    Element.updateChild (package:flutter/src/widgets/framework.dart:4004:18)
#643    ComponentElement.performRebuild (package:flutter/src/widgets/framework.dart:5747:16)
#644    Element.rebuild (package:flutter/src/widgets/framework.dart:5435:7)
#645    ComponentElement._firstBuild (package:flutter/src/widgets/framework.dart:5705:5)
#646    ComponentElement.mount (package:flutter/src/widgets/framework.dart:5699:5)
#647    Element.inflateWidget (package:flutter/src/widgets/framework.dart:4548:16)
#648    Element.updateChild (package:flutter/src/widgets/framework.dart:4004:18)
#649    ComponentElement.performRebuild (package:flutter/src/widgets/framework.dart:5747:16)
#650    StatefulElement.performRebuild (package:flutter/src/widgets/framework.dart:5884:11)
#651    Element.rebuild (package:flutter/src/widgets/framework.dart:5435:7)
#652    ComponentElement._firstBuild (package:flutter/src/widgets/framework.dart:5705:5)
#653    StatefulElement._firstBuild (package:flutter/src/widgets/framework.dart:5875:11)
#654    ComponentElement.mount (package:flutter/src/widgets/framework.dart:5699:5)
#655    Element.inflateWidget (package:flutter/src/widgets/framework.dart:4548:16)
#656    Element.updateChild (package:flutter/src/widgets/framework.dart:4004:18)
#657    ComponentElement.performRebuild (package:flutter/src/widgets/framework.dart:5747:16)
#658    Element.rebuild (package:flutter/src/widgets/framework.dart:5435:7)
#659    ComponentElement._firstBuild (package:flutter/src/widgets/framework.dart:5705:5)
#660    ComponentElement.mount (package:flutter/src/widgets/framework.dart:5699:5)
#661    Element.inflateWidget (package:flutter/src/widgets/framework.dart:4548:16)
#662    Element.updateChild (package:flutter/src/widgets/framework.dart:4004:18)
#663    ComponentElement.performRebuild (package:flutter/src/widgets/framework.dart:5747:16)
#664    StatefulElement.performRebuild (package:flutter/src/widgets/framework.dart:5884:11)
#665    Element.rebuild (package:flutter/src/widgets/framework.dart:5435:7)
#666    ComponentElement._firstBuild (package:flutter/src/widgets/framework.dart:5705:5)
#667    StatefulElement._firstBuild (package:flutter/src/widgets/framework.dart:5875:11)
#668    ComponentElement.mount (package:flutter/src/widgets/framework.dart:5699:5)
#669    Element.inflateWidget (package:flutter/src/widgets/framework.dart:4548:16)
#670    Element.updateChild (package:flutter/src/widgets/framework.dart:4004:18)
#671    ComponentElement.performRebuild (package:flutter/src/widgets/framework.dart:5747:16)
#672    Element.rebuild (package:flutter/src/widgets/framework.dart:5435:7)
#673    ComponentElement._firstBuild (package:flutter/src/widgets/framework.dart:5705:5)
#674    ComponentElement.mount (package:flutter/src/widgets/framework.dart:5699:5)
#675    Element.inflateWidget (package:flutter/src/widgets/framework.dart:4548:16)
#676    Element.updateChild (package:flutter/src/widgets/framework.dart:4004:18)
#677    ComponentElement.performRebuild (package:flutter/src/widgets/framework.dart:5747:16)
#678    StatefulElement.performRebuild (package:flutter/src/widgets/framework.dart:5884:11)
#679    Element.rebuild (package:flutter/src/widgets/framework.dart:5435:7)
#680    ComponentElement._firstBuild (package:flutter/src/widgets/framework.dart:5705:5)
#681    StatefulElement._firstBuild (package:flutter/src/widgets/framework.dart:5875:11)
#682    ComponentElement.mount (package:flutter/src/widgets/framework.dart:5699:5)
#683    Element.inflateWidget (package:flutter/src/widgets/framework.dart:4548:16)
#684    Element.updateChild (package:flutter/src/widgets/framework.dart:4004:18)
#685    ComponentElement.performRebuild (package:flutter/src/widgets/framework.dart:5747:16)
#686    StatefulElement.performRebuild (package:flutter/src/widgets/framework.dart:5884:11)
#687    Element.rebuild (package:flutter/src/widgets/framework.dart:5435:7)
#688    ComponentElement._firstBuild (package:flutter/src/widgets/framework.dart:5705:5)
#689    StatefulElement._firstBuild (package:flutter/src/widgets/framework.dart:5875:11)
#690    ComponentElement.mount (package:flutter/src/widgets/framework.dart:5699:5)
#691    Element.inflateWidget (package:flutter/src/widgets/framework.dart:4548:16)
#692    Element.updateChild (package:flutter/src/widgets/framework.dart:4004:18)
#693    SingleChildRenderObjectElement.mount (package:flutter/src/widgets/framework.dart:7018:14)
#694    Element.inflateWidget (package:flutter/src/widgets/framework.dart:4548:16)
#695    Element.updateChild (package:flutter/src/widgets/framework.dart:4004:18)
#696    ComponentElement.performRebuild (package:flutter/src/widgets/framework.dart:5747:16)
#697    Element.rebuild (package:flutter/src/widgets/framework.dart:5435:7)
#698    ComponentElement._firstBuild (package:flutter/src/widgets/framework.dart:5705:5)
#699    ComponentElement.mount (package:flutter/src/widgets/framework.dart:5699:5)
#700    Element.inflateWidget (package:flutter/src/widgets/framework.dart:4548:16)
#701    Element.updateChild (package:flutter/src/widgets/framework.dart:4004:18)
#702    ComponentElement.performRebuild (package:flutter/src/widgets/framework.dart:5747:16)
#703    StatefulElement.performRebuild (package:flutter/src/widgets/framework.dart:5884:11)
#704    Element.rebuild (package:flutter/src/widgets/framework.dart:5435:7)
#705    ComponentElement._firstBuild (package:flutter/src/widgets/framework.dart:5705:5)
#706    StatefulElement._firstBuild (package:flutter/src/widgets/framework.dart:5875:11)
#707    ComponentElement.mount (package:flutter/src/widgets/framework.dart:5699:5)
#708    Element.inflateWidget (package:flutter/src/widgets/framework.dart:4548:16)
#709    Element.updateChild (package:flutter/src/widgets/framework.dart:4004:18)
#710    ComponentElement.performRebuild (package:flutter/src/widgets/framework.dart:5747:16)
#711    Element.rebuild (package:flutter/src/widgets/framework.dart:5435:7)
#712    ComponentElement._firstBuild (package:flutter/src/widgets/framework.dart:5705:5)
#713    ComponentElement.mount (package:flutter/src/widgets/framework.dart:5699:5)
#714    Element.inflateWidget (package:flutter/src/widgets/framework.dart:4548:16)
#715    Element.updateChild (package:flutter/src/widgets/framework.dart:4004:18)
#716    ComponentElement.performRebuild (package:flutter/src/widgets/framework.dart:5747:16)
#717    Element.rebuild (package:flutter/src/widgets/framework.dart:5435:7)
#718    ComponentElement._firstBuild (package:flutter/src/widgets/framework.dart:5705:5)
#719    ComponentElement.mount (package:flutter/src/widgets/framework.dart:5699:5)
#720    Element.inflateWidget (package:flutter/src/widgets/framework.dart:4548:16)
#721    Element.updateChild (package:flutter/src/widgets/framework.dart:4004:18)
#722    ComponentElement.performRebuild (package:flutter/src/widgets/framework.dart:5747:16)
#723    StatefulElement.performRebuild (package:flutter/src/widgets/framework.dart:5884:11)
#724    Element.rebuild (package:flutter/src/widgets/framework.dart:5435:7)
#725    ComponentElement._firstBuild (package:flutter/src/widgets/framework.dart:5705:5)
#726    StatefulElement._firstBuild (package:flutter/src/widgets/framework.dart:5875:11)
#727    ComponentElement.mount (package:flutter/src/widgets/framework.dart:5699:5)
#728    Element.inflateWidget (package:flutter/src/widgets/framework.dart:4548:16)
#729    Element.updateChild (package:flutter/src/widgets/framework.dart:4004:18)
#730    ComponentElement.performRebuild (package:flutter/src/widgets/framework.dart:5747:16)
#731    StatefulElement.performRebuild (package:flutter/src/widgets/framework.dart:5884:11)
#732    Element.rebuild (package:flutter/src/widgets/framework.dart:5435:7)
#733    ComponentElement._firstBuild (package:flutter/src/widgets/framework.dart:5705:5)
#734    StatefulElement._firstBuild (package:flutter/src/widgets/framework.dart:5875:11)
#735    ComponentElement.mount (package:flutter/src/widgets/framework.dart:5699:5)
#736    Element.inflateWidget (package:flutter/src/widgets/framework.dart:4548:16)
#737    Element.updateChild (package:flutter/src/widgets/framework.dart:4004:18)
#738    ComponentElement.performRebuild (package:flutter/src/widgets/framework.dart:5747:16)
#739    Element.rebuild (package:flutter/src/widgets/framework.dart:5435:7)
#740    ComponentElement._firstBuild (package:flutter/src/widgets/framework.dart:5705:5)
#741    ComponentElement.mount (package:flutter/src/widgets/framework.dart:5699:5)
#742    _UncontrolledProviderScopeElement.mount (package:flutter_riverpod/src/framework.dart:315:11)
#743    Element.inflateWidget (package:flutter/src/widgets/framework.dart:4548:16)
#744    Element.updateChild (package:flutter/src/widgets/framework.dart:4004:18)
#745    ComponentElement.performRebuild (package:flutter/src/widgets/framework.dart:5747:16)
#746    StatefulElement.performRebuild (package:flutter/src/widgets/framework.dart:5884:11)
#747    Element.rebuild (package:flutter/src/widgets/framework.dart:5435:7)
#748    ComponentElement._firstBuild (package:flutter/src/widgets/framework.dart:5705:5)
#749    StatefulElement._firstBuild (package:flutter/src/widgets/framework.dart:5875:11)
#750    ComponentElement.mount (package:flutter/src/widgets/framework.dart:5699:5)
#751    Element.inflateWidget (package:flutter/src/widgets/framework.dart:4548:16)
#752    Element.updateChild (package:flutter/src/widgets/framework.dart:3998:20)
#753    ComponentElement.performRebuild (package:flutter/src/widgets/framework.dart:5747:16)
#754    Element.rebuild (package:flutter/src/widgets/framework.dart:5435:7)
#755    ProxyElement.update (package:flutter/src/widgets/framework.dart:6051:5)
#756    _InheritedNotifierElement.update
(package:flutter/src/widgets/inherited_notifier.dart:108:11)
#757    Element.updateChild (package:flutter/src/widgets/framework.dart:3982:15)
#758    ComponentElement.performRebuild (package:flutter/src/widgets/framework.dart:5747:16)
#759    StatefulElement.performRebuild (package:flutter/src/widgets/framework.dart:5884:11)
#760    Element.rebuild (package:flutter/src/widgets/framework.dart:5435:7)
#761    StatefulElement.update (package:flutter/src/widgets/framework.dart:5909:5)
#762    Element.updateChild (package:flutter/src/widgets/framework.dart:3982:15)
#763    ComponentElement.performRebuild (package:flutter/src/widgets/framework.dart:5747:16)
#764    Element.rebuild (package:flutter/src/widgets/framework.dart:5435:7)
#765    ProxyElement.update (package:flutter/src/widgets/framework.dart:6051:5)
#766    _InheritedNotifierElement.update
(package:flutter/src/widgets/inherited_notifier.dart:108:11)
#767    Element.updateChild (package:flutter/src/widgets/framework.dart:3982:15)
#768    ComponentElement.performRebuild (package:flutter/src/widgets/framework.dart:5747:16)
#769    StatefulElement.performRebuild (package:flutter/src/widgets/framework.dart:5884:11)
#770    Element.rebuild (package:flutter/src/widgets/framework.dart:5435:7)
#771    StatefulElement.update (package:flutter/src/widgets/framework.dart:5909:5)
#772    Element.updateChild (package:flutter/src/widgets/framework.dart:3982:15)
#773    ComponentElement.performRebuild (package:flutter/src/widgets/framework.dart:5747:16)
#774    StatefulElement.performRebuild (package:flutter/src/widgets/framework.dart:5884:11)
#775    Element.rebuild (package:flutter/src/widgets/framework.dart:5435:7)
#776    StatefulElement.update (package:flutter/src/widgets/framework.dart:5909:5)
#777    Element.updateChild (package:flutter/src/widgets/framework.dart:3982:15)
#778    ComponentElement.performRebuild (package:flutter/src/widgets/framework.dart:5747:16)
#779    Element.rebuild (package:flutter/src/widgets/framework.dart:5435:7)
#780    ProxyElement.update (package:flutter/src/widgets/framework.dart:6051:5)
#781    Element.updateChild (package:flutter/src/widgets/framework.dart:3982:15)
#782    ComponentElement.performRebuild (package:flutter/src/widgets/framework.dart:5747:16)
#783    StatefulElement.performRebuild (package:flutter/src/widgets/framework.dart:5884:11)
#784    Element.rebuild (package:flutter/src/widgets/framework.dart:5435:7)
#785    StatefulElement.update (package:flutter/src/widgets/framework.dart:5909:5)
#786    Element.updateChild (package:flutter/src/widgets/framework.dart:3982:15)
#787    ComponentElement.performRebuild (package:flutter/src/widgets/framework.dart:5747:16)
#788    Element.rebuild (package:flutter/src/widgets/framework.dart:5435:7)
#789    ProxyElement.update (package:flutter/src/widgets/framework.dart:6051:5)
#790    Element.updateChild (package:flutter/src/widgets/framework.dart:3982:15)
#791    ComponentElement.performRebuild (package:flutter/src/widgets/framework.dart:5747:16)
#792    Element.rebuild (package:flutter/src/widgets/framework.dart:5435:7)
#793    ProxyElement.update (package:flutter/src/widgets/framework.dart:6051:5)
#794    Element.updateChild (package:flutter/src/widgets/framework.dart:3982:15)
#795    _RawViewElement._updateChild (package:flutter/src/widgets/view.dart:481:16)
#796    _RawViewElement.update (package:flutter/src/widgets/view.dart:568:5)
#797    Element.updateChild (package:flutter/src/widgets/framework.dart:3982:15)
#798    ComponentElement.performRebuild (package:flutter/src/widgets/framework.dart:5747:16)
#799    Element.rebuild (package:flutter/src/widgets/framework.dart:5435:7)
#800    StatelessElement.update (package:flutter/src/widgets/framework.dart:5797:5)
#801    Element.updateChild (package:flutter/src/widgets/framework.dart:3982:15)
#802    ComponentElement.performRebuild (package:flutter/src/widgets/framework.dart:5747:16)
#803    StatefulElement.performRebuild (package:flutter/src/widgets/framework.dart:5884:11)
#804    Element.rebuild (package:flutter/src/widgets/framework.dart:5435:7)
#805    StatefulElement.update (package:flutter/src/widgets/framework.dart:5909:5)
#806    Element.updateChild (package:flutter/src/widgets/framework.dart:3982:15)
#807    RootElement._rebuild (package:flutter/src/widgets/binding.dart:1716:16)
#808    RootElement.update (package:flutter/src/widgets/binding.dart:1694:5)
#809    RootElement.performRebuild (package:flutter/src/widgets/binding.dart:1708:7)
#810    Element.rebuild (package:flutter/src/widgets/framework.dart:5435:7)
#811    BuildScope._tryRebuild (package:flutter/src/widgets/framework.dart:2695:15)
#812    BuildScope._flushDirtyElements (package:flutter/src/widgets/framework.dart:2752:11)
#813    BuildOwner.buildScope (package:flutter/src/widgets/framework.dart:3056:18)
#814    AutomatedTestWidgetsFlutterBinding.drawFrame (package:flutter_test/src/binding.dart:1506:19)
#815    RendererBinding._handlePersistentFrameCallback
(package:flutter/src/rendering/binding.dart:495:5)
#816    SchedulerBinding._invokeFrameCallback (package:flutter/src/scheduler/binding.dart:1434:15)
#817    SchedulerBinding.handleDrawFrame (package:flutter/src/scheduler/binding.dart:1347:9)
#818    AutomatedTestWidgetsFlutterBinding.pump.<anonymous closure>
(package:flutter_test/src/binding.dart:1335:9)
#819    _rootRun (dart:async/zone.dart:1525:13)
#820    _CustomZone.run (dart:async/zone.dart:1422:19)
#821    TestAsyncUtils.guard (package:flutter_test/src/test_async_utils.dart:74:41)
#822    AutomatedTestWidgetsFlutterBinding.pump (package:flutter_test/src/binding.dart:1324:27)
#823    WidgetTester.pumpWidget.<anonymous closure>
(package:flutter_test/src/widget_tester.dart:598:22)
#824    _rootRun (dart:async/zone.dart:1525:13)
#825    _CustomZone.run (dart:async/zone.dart:1422:19)
#826    TestAsyncUtils.guard (package:flutter_test/src/test_async_utils.dart:74:41)
#827    WidgetTester.pumpWidget (package:flutter_test/src/widget_tester.dart:595:27)
#828    main.<anonymous closure>
(file:///Volumes/DevSSD/developments/OBD%20Scanner/test/widget_test.dart:7:18)
#829    testWidgets.<anonymous closure>.<anonymous closure>
(package:flutter_test/src/widget_tester.dart:192:29)
<asynchronous suspension>
#830    TestWidgetsFlutterBinding._runTestBody (package:flutter_test/src/binding.dart:1059:5)
<asynchronous suspension>
#831    StackZoneSpecification._registerCallback.<anonymous closure>
(package:stack_trace/src/stack_zone_specification.dart:114:42)
<asynchronous suspension>

When the exception was thrown, this was the stack:
#0      StateNotifier.state= (package:state_notifier/state_notifier.dart:240:7)
#1      SettingsNotifier.setFullscreenCockpit (package:autocare/features/settings/presentation/settings_provider.dart:256:5)
#2      _ShellScreenState._handleOrientation (package:autocare/features/shell/shell_screen.dart:43:43)
#3      _ShellScreenState.initState (package:autocare/features/shell/shell_screen.dart:24:5)
#4      StatefulElement._firstBuild (package:flutter/src/widgets/framework.dart:5852:55)
#5      ComponentElement.mount (package:flutter/src/widgets/framework.dart:5699:5)
...     Normal element mounting (234 frames)
#239    Element.inflateWidget (package:flutter/src/widgets/framework.dart:4548:16)
#240    MultiChildRenderObjectElement.inflateWidget (package:flutter/src/widgets/framework.dart:7169:36)
#241    MultiChildRenderObjectElement.mount (package:flutter/src/widgets/framework.dart:7185:32)
...     Normal element mounting (497 frames)
#738    _UncontrolledProviderScopeElement.mount (package:flutter_riverpod/src/framework.dart:315:11)
...     Normal element mounting (9 frames)
#747    Element.inflateWidget (package:flutter/src/widgets/framework.dart:4548:16)
#748    Element.updateChild (package:flutter/src/widgets/framework.dart:3998:20)
#749    ComponentElement.performRebuild (package:flutter/src/widgets/framework.dart:5747:16)
#750    Element.rebuild (package:flutter/src/widgets/framework.dart:5435:7)
#751    ProxyElement.update (package:flutter/src/widgets/framework.dart:6051:5)
#752    _InheritedNotifierElement.update (package:flutter/src/widgets/inherited_notifier.dart:108:11)
#753    Element.updateChild (package:flutter/src/widgets/framework.dart:3982:15)
#754    ComponentElement.performRebuild (package:flutter/src/widgets/framework.dart:5747:16)
#755    StatefulElement.performRebuild (package:flutter/src/widgets/framework.dart:5884:11)
#756    Element.rebuild (package:flutter/src/widgets/framework.dart:5435:7)
#757    StatefulElement.update (package:flutter/src/widgets/framework.dart:5909:5)
#758    Element.updateChild (package:flutter/src/widgets/framework.dart:3982:15)
#759    ComponentElement.performRebuild (package:flutter/src/widgets/framework.dart:5747:16)
#760    Element.rebuild (package:flutter/src/widgets/framework.dart:5435:7)
#761    ProxyElement.update (package:flutter/src/widgets/framework.dart:6051:5)
#762    _InheritedNotifierElement.update (package:flutter/src/widgets/inherited_notifier.dart:108:11)
#763    Element.updateChild (package:flutter/src/widgets/framework.dart:3982:15)
#764    ComponentElement.performRebuild (package:flutter/src/widgets/framework.dart:5747:16)
#765    StatefulElement.performRebuild (package:flutter/src/widgets/framework.dart:5884:11)
#766    Element.rebuild (package:flutter/src/widgets/framework.dart:5435:7)
#767    StatefulElement.update (package:flutter/src/widgets/framework.dart:5909:5)
#768    Element.updateChild (package:flutter/src/widgets/framework.dart:3982:15)
#769    ComponentElement.performRebuild (package:flutter/src/widgets/framework.dart:5747:16)
#770    StatefulElement.performRebuild (package:flutter/src/widgets/framework.dart:5884:11)
#771    Element.rebuild (package:flutter/src/widgets/framework.dart:5435:7)
#772    StatefulElement.update (package:flutter/src/widgets/framework.dart:5909:5)
#773    Element.updateChild (package:flutter/src/widgets/framework.dart:3982:15)
#774    ComponentElement.performRebuild (package:flutter/src/widgets/framework.dart:5747:16)
#775    Element.rebuild (package:flutter/src/widgets/framework.dart:5435:7)
#776    ProxyElement.update (package:flutter/src/widgets/framework.dart:6051:5)
#777    Element.updateChild (package:flutter/src/widgets/framework.dart:3982:15)
#778    ComponentElement.performRebuild (package:flutter/src/widgets/framework.dart:5747:16)
#779    StatefulElement.performRebuild (package:flutter/src/widgets/framework.dart:5884:11)
#780    Element.rebuild (package:flutter/src/widgets/framework.dart:5435:7)
#781    StatefulElement.update (package:flutter/src/widgets/framework.dart:5909:5)
#782    Element.updateChild (package:flutter/src/widgets/framework.dart:3982:15)
#783    ComponentElement.performRebuild (package:flutter/src/widgets/framework.dart:5747:16)
#784    Element.rebuild (package:flutter/src/widgets/framework.dart:5435:7)
#785    ProxyElement.update (package:flutter/src/widgets/framework.dart:6051:5)
#786    Element.updateChild (package:flutter/src/widgets/framework.dart:3982:15)
#787    ComponentElement.performRebuild (package:flutter/src/widgets/framework.dart:5747:16)
#788    Element.rebuild (package:flutter/src/widgets/framework.dart:5435:7)
#789    ProxyElement.update (package:flutter/src/widgets/framework.dart:6051:5)
#790    Element.updateChild (package:flutter/src/widgets/framework.dart:3982:15)
#791    _RawViewElement._updateChild (package:flutter/src/widgets/view.dart:481:16)
#792    _RawViewElement.update (package:flutter/src/widgets/view.dart:568:5)
#793    Element.updateChild (package:flutter/src/widgets/framework.dart:3982:15)
#794    ComponentElement.performRebuild (package:flutter/src/widgets/framework.dart:5747:16)
#795    Element.rebuild (package:flutter/src/widgets/framework.dart:5435:7)
#796    StatelessElement.update (package:flutter/src/widgets/framework.dart:5797:5)
#797    Element.updateChild (package:flutter/src/widgets/framework.dart:3982:15)
#798    ComponentElement.performRebuild (package:flutter/src/widgets/framework.dart:5747:16)
#799    StatefulElement.performRebuild (package:flutter/src/widgets/framework.dart:5884:11)
#800    Element.rebuild (package:flutter/src/widgets/framework.dart:5435:7)
#801    StatefulElement.update (package:flutter/src/widgets/framework.dart:5909:5)
#802    Element.updateChild (package:flutter/src/widgets/framework.dart:3982:15)
#803    RootElement._rebuild (package:flutter/src/widgets/binding.dart:1716:16)
#804    RootElement.update (package:flutter/src/widgets/binding.dart:1694:5)
#805    RootElement.performRebuild (package:flutter/src/widgets/binding.dart:1708:7)
#806    Element.rebuild (package:flutter/src/widgets/framework.dart:5435:7)
#807    BuildScope._tryRebuild (package:flutter/src/widgets/framework.dart:2695:15)
#808    BuildScope._flushDirtyElements (package:flutter/src/widgets/framework.dart:2752:11)
#809    BuildOwner.buildScope (package:flutter/src/widgets/framework.dart:3056:18)
#810    AutomatedTestWidgetsFlutterBinding.drawFrame (package:flutter_test/src/binding.dart:1506:19)
#811    RendererBinding._handlePersistentFrameCallback (package:flutter/src/rendering/binding.dart:495:5)
#812    SchedulerBinding._invokeFrameCallback (package:flutter/src/scheduler/binding.dart:1434:15)
#813    SchedulerBinding.handleDrawFrame (package:flutter/src/scheduler/binding.dart:1347:9)
#814    AutomatedTestWidgetsFlutterBinding.pump.<anonymous closure> (package:flutter_test/src/binding.dart:1335:9)
#817    TestAsyncUtils.guard (package:flutter_test/src/test_async_utils.dart:74:41)
#818    AutomatedTestWidgetsFlutterBinding.pump (package:flutter_test/src/binding.dart:1324:27)
#819    WidgetTester.pumpWidget.<anonymous closure> (package:flutter_test/src/widget_tester.dart:598:22)
#822    TestAsyncUtils.guard (package:flutter_test/src/test_async_utils.dart:74:41)
#823    WidgetTester.pumpWidget (package:flutter_test/src/widget_tester.dart:595:27)
#824    main.<anonymous closure> (file:///Volumes/DevSSD/developments/OBD%20Scanner/test/widget_test.dart:7:18)
#825    testWidgets.<anonymous closure>.<anonymous closure> (package:flutter_test/src/widget_tester.dart:192:29)
<asynchronous suspension>
#826    TestWidgetsFlutterBinding._runTestBody (package:flutter_test/src/binding.dart:1059:5)
<asynchronous suspension>
<asynchronous suspension>
(elided 5 frames from dart:async and package:stack_trace)
════════════════════════════════════════════════════════════════════════════════════════════════════
  Test failed. See exception logs above.
  The test description was: App starts and shows Health Screen
  

To run this test again: /Volumes/DevSSD/developments/flutter/bin/cache/dart-sdk/bin/dart test /Volumes/DevSSD/developments/OBD Scanner/test/widget_test.dart -p vm --plain-name 'App starts and shows Health Screen'
00:02 +0 -1: Some tests failed.                                                                                                                                                                        
